// Jest Snapshot v1, https://goo.gl/fbAQLP

exports[`Modal component matches snapshot 1`] = `
<DocumentFragment>
  <div
    class="modalBackdrop"
  >
    <div
      class="modalContainer"
    >
      <h3
        class="modalTitle"
      >
        Park bench
      </h3>
      <img
        alt="landscape"
        src="1.jpg"
      />
      <p>
        Lorem ipsum dolor sit amet, consectetur adipiscing elit. Nunc ultricie
      </p>
      <div
        class="modal-footer"
      >
        <button
          type="button"
        >
          Close
        </button>
      </div>
    </div>
  </div>
</DocumentFragment>
`;
